// Jest Snapshot v1, https://goo.gl/fbAQLP

exports[`AccordionToggle component should render correctly 1`] = `


<div
  className="accordion-item-toggle"
>
  <span>
    HelloWorld!
  </span>
</div>
`;
