// Jest Snapshot v1, https://goo.gl/fbAQLP

exports[`CardFooter component should render correctly 1`] = `


<div
  className="card-footer"
>
  HelloWorld!
</div>
`;
