// Jest Snapshot v1, https://goo.gl/fbAQLP

exports[`Card component renders correctly 1`] = `
<div
  className="card"
>
  <div>
    Lorem ipsum dolor sit amet
    <span>
      Lorem ipsum dolor sit amet
    </span>
  </div>
</div>
`;
