// Jest Snapshot v1, https://goo.gl/fbAQLP

exports[`CardContent component should render correctly 1`] = `


<div
  className="card-content"
>
  <div
    className="card-content-inner"
  >
    HelloWorld!
  </div>
</div>
`;
