// Jest Snapshot v1, https://goo.gl/fbAQLP

exports[`ContentBlock component renders correctly 1`] = `
<div
  className="content-block  "
>
  <div>
    Lorem ipsum dolor sit amet
  </div>
</div>
`;
