// Jest Snapshot v1, https://goo.gl/fbAQLP

exports[`ContentBlockTitle component renders correctly 1`] = `
.ewlKZX {
  margin-top: 25px !important;
}

<div
  className="content-block-title sc-bdVaJa ewlKZX"
>
  HelloWorld!
</div>
`;
