// Jest Snapshot v1, https://goo.gl/fbAQLP

exports[`GridRow component should render correctly 1`] = `


<div
  className="row"
>
  <div
    className="col-auto"
  >
    HelloWorld
  </div>
  <div
    className="col-auto"
  >
    HelloWorld
  </div>
</div>
`;
