// Jest Snapshot v1, https://goo.gl/fbAQLP

exports[`Icon component renders correctly 1`] = `
<i
  className="material-icons icon"
>
  thumbs_down
</i>
`;
