// Jest Snapshot v1, https://goo.gl/fbAQLP

exports[`List component should render correctly 1`] = `


<div
  className="list-block"
>
  <ul>
    <span>
      HelloWorld!
    </span>
  </ul>
</div>
`;
