// Jest Snapshot v1, https://goo.gl/fbAQLP

exports[`ListBlock component renders correctly 1`] = `


<div
  className="list-block"
>
  <ul>
    <div>
      HelloWorld!
    </div>
  </ul>
</div>
`;
