// Jest Snapshot v1, https://goo.gl/fbAQLP

exports[`Textarea component renders correctly 1`] = `
<li
  className="align-top"
>
  <div
    className="item-content"
  >
    <div
      className="item-media"
    >
      <i
        className="material-icons icon"
      >
        info
      </i>
    </div>
    <div
      className="item-inner"
    >
      <div
        className="item-input"
      >
        <textarea
          name="about"
          onChange={[Function]}
          placeholder="Tell us about yourself..."
        />
      </div>
    </div>
  </div>
</li>
`;
