// Jest Snapshot v1, https://goo.gl/fbAQLP

exports[`NumericRating component should render correctly 1`] = `
.ecEnce {
  -webkit-letter-spacing: 2px;
  -moz-letter-spacing: 2px;
  -ms-letter-spacing: 2px;
  letter-spacing: 2px;
}

.fxvkdv {
  font-weight: 500;
  color: #A1BA37;
}

<div
  className="sc-bdVaJa ecEnce"
>
  .fxvkdv {
  font-weight: 500;
  color: #A1BA37;
}

<span
    className="sc-bwzfXH fxvkdv"
    color="#A1BA37"
  >
    4.5
  </span>
  /5
</div>
`;
