// Jest Snapshot v1, https://goo.gl/fbAQLP

exports[`RatingStars component should render correctly 1`] = `
.gDYObI {
  width: 95px;
}

.bHnJJA {
  font-size: 19px;
  color: #FEBA72;
  width: 19px;
  padding-bottom: 2px;
}

<div
  className="sc-iwsKbI gDYObI"
>
  <i
    className="material-icons icon sc-gZMcBi bHnJJA"
  >
    star
  </i>
  <i
    className="material-icons icon sc-gZMcBi bHnJJA"
  >
    star
  </i>
  <i
    className="material-icons icon sc-gZMcBi bHnJJA"
  >
    star
  </i>
  <i
    className="material-icons icon sc-gZMcBi bHnJJA"
  >
    star
  </i>
  <i
    className="material-icons icon sc-gZMcBi bHnJJA"
  >
    star_border
  </i>
</div>
`;
